// Jest Snapshot v1, https://goo.gl/fbAQLP

exports[`renders correctly 1`] = `
<button
  className="md-toolbar-button"
  onClick={null}
  title="tooltip text"
  type="button"
/>
`;
